2026-07-27 16:41:07,945 - test - WARNING - warning!
2026-07-27 16:41:07,945 - test - CRITICAL - critical!
